// Vitest Snapshot v1, https://vitest.dev/guide/snapshot.html

exports[`binotype.Parser > Parser.parse > complex page scenarios > should handle { description: 'page with all metadata fields', document: { variables: { id: 'full-metadata', title: 'Full Metadata Page', subtitle: 'A comprehensive example', draft: true, published: '2024-12-01T10:00:00Z', changed: '2024-12-15T14:30:00Z', tags: [ 'comprehensive', 'example', 'metadata' ], author: 'Content Author', weight: 100, mode: 'article', type: 'blog', class: [ 'featured', 'highlight' ] }, content: 'Rich content here' } } 1`] = `
{
  "author": "Content Author",
  "blocks": {},
  "changed": "2024-12-15T14:30:00Z",
  "class": [
    "featured",
    "highlight",
  ],
  "content": [
    {
      "$attrs$": {},
      "$children$": [
        {
          "$attrs$": null,
          "$children$": null,
          "$elm$": null,
          "$flags$": 0,
          "$key$": null,
          "$name$": null,
          "$tag$": null,
          "$text$": "Block: "R"",
        },
      ],
      "$elm$": null,
      "$flags$": 0,
      "$key$": null,
      "$name$": null,
      "$tag$": "div",
      "$text$": null,
    },
    {
      "$attrs$": {},
      "$children$": [
        {
          "$attrs$": null,
          "$children$": null,
          "$elm$": null,
          "$flags$": 0,
          "$key$": null,
          "$name$": null,
          "$tag$": null,
          "$text$": "Block: "i"",
        },
      ],
      "$elm$": null,
      "$flags$": 0,
      "$key$": null,
      "$name$": null,
      "$tag$": "div",
      "$text$": null,
    },
    {
      "$attrs$": {},
      "$children$": [
        {
          "$attrs$": null,
          "$children$": null,
          "$elm$": null,
          "$flags$": 0,
          "$key$": null,
          "$name$": null,
          "$tag$": null,
          "$text$": "Block: "c"",
        },
      ],
      "$elm$": null,
      "$flags$": 0,
      "$key$": null,
      "$name$": null,
      "$tag$": "div",
      "$text$": null,
    },
    {
      "$attrs$": {},
      "$children$": [
        {
          "$attrs$": null,
          "$children$": null,
          "$elm$": null,
          "$flags$": 0,
          "$key$": null,
          "$name$": null,
          "$tag$": null,
          "$text$": "Block: "h"",
        },
      ],
      "$elm$": null,
      "$flags$": 0,
      "$key$": null,
      "$name$": null,
      "$tag$": "div",
      "$text$": null,
    },
    {
      "$attrs$": {},
      "$children$": [
        {
          "$attrs$": null,
          "$children$": null,
          "$elm$": null,
          "$flags$": 0,
          "$key$": null,
          "$name$": null,
          "$tag$": null,
          "$text$": "Block: " "",
        },
      ],
      "$elm$": null,
      "$flags$": 0,
      "$key$": null,
      "$name$": null,
      "$tag$": "div",
      "$text$": null,
    },
    {
      "$attrs$": {},
      "$children$": [
        {
          "$attrs$": null,
          "$children$": null,
          "$elm$": null,
          "$flags$": 0,
          "$key$": null,
          "$name$": null,
          "$tag$": null,
          "$text$": "Block: "c"",
        },
      ],
      "$elm$": null,
      "$flags$": 0,
      "$key$": null,
      "$name$": null,
      "$tag$": "div",
      "$text$": null,
    },
    {
      "$attrs$": {},
      "$children$": [
        {
          "$attrs$": null,
          "$children$": null,
          "$elm$": null,
          "$flags$": 0,
          "$key$": null,
          "$name$": null,
          "$tag$": null,
          "$text$": "Block: "o"",
        },
      ],
      "$elm$": null,
      "$flags$": 0,
      "$key$": null,
      "$name$": null,
      "$tag$": "div",
      "$text$": null,
    },
    {
      "$attrs$": {},
      "$children$": [
        {
          "$attrs$": null,
          "$children$": null,
          "$elm$": null,
          "$flags$": 0,
          "$key$": null,
          "$name$": null,
          "$tag$": null,
          "$text$": "Block: "n"",
        },
      ],
      "$elm$": null,
      "$flags$": 0,
      "$key$": null,
      "$name$": null,
      "$tag$": "div",
      "$text$": null,
    },
    {
      "$attrs$": {},
      "$children$": [
        {
          "$attrs$": null,
          "$children$": null,
          "$elm$": null,
          "$flags$": 0,
          "$key$": null,
          "$name$": null,
          "$tag$": null,
          "$text$": "Block: "t"",
        },
      ],
      "$elm$": null,
      "$flags$": 0,
      "$key$": null,
      "$name$": null,
      "$tag$": "div",
      "$text$": null,
    },
    {
      "$attrs$": {},
      "$children$": [
        {
          "$attrs$": null,
          "$children$": null,
          "$elm$": null,
          "$flags$": 0,
          "$key$": null,
          "$name$": null,
          "$tag$": null,
          "$text$": "Block: "e"",
        },
      ],
      "$elm$": null,
      "$flags$": 0,
      "$key$": null,
      "$name$": null,
      "$tag$": "div",
      "$text$": null,
    },
    {
      "$attrs$": {},
      "$children$": [
        {
          "$attrs$": null,
          "$children$": null,
          "$elm$": null,
          "$flags$": 0,
          "$key$": null,
          "$name$": null,
          "$tag$": null,
          "$text$": "Block: "n"",
        },
      ],
      "$elm$": null,
      "$flags$": 0,
      "$key$": null,
      "$name$": null,
      "$tag$": "div",
      "$text$": null,
    },
    {
      "$attrs$": {},
      "$children$": [
        {
          "$attrs$": null,
          "$children$": null,
          "$elm$": null,
          "$flags$": 0,
          "$key$": null,
          "$name$": null,
          "$tag$": null,
          "$text$": "Block: "t"",
        },
      ],
      "$elm$": null,
      "$flags$": 0,
      "$key$": null,
      "$name$": null,
      "$tag$": "div",
      "$text$": null,
    },
    {
      "$attrs$": {},
      "$children$": [
        {
          "$attrs$": null,
          "$children$": null,
          "$elm$": null,
          "$flags$": 0,
          "$key$": null,
          "$name$": null,
          "$tag$": null,
          "$text$": "Block: " "",
        },
      ],
      "$elm$": null,
      "$flags$": 0,
      "$key$": null,
      "$name$": null,
      "$tag$": "div",
      "$text$": null,
    },
    {
      "$attrs$": {},
      "$children$": [
        {
          "$attrs$": null,
          "$children$": null,
          "$elm$": null,
          "$flags$": 0,
          "$key$": null,
          "$name$": null,
          "$tag$": null,
          "$text$": "Block: "h"",
        },
      ],
      "$elm$": null,
      "$flags$": 0,
      "$key$": null,
      "$name$": null,
      "$tag$": "div",
      "$text$": null,
    },
    {
      "$attrs$": {},
      "$children$": [
        {
          "$attrs$": null,
          "$children$": null,
          "$elm$": null,
          "$flags$": 0,
          "$key$": null,
          "$name$": null,
          "$tag$": null,
          "$text$": "Block: "e"",
        },
      ],
      "$elm$": null,
      "$flags$": 0,
      "$key$": null,
      "$name$": null,
      "$tag$": "div",
      "$text$": null,
    },
    {
      "$attrs$": {},
      "$children$": [
        {
          "$attrs$": null,
          "$children$": null,
          "$elm$": null,
          "$flags$": 0,
          "$key$": null,
          "$name$": null,
          "$tag$": null,
          "$text$": "Block: "r"",
        },
      ],
      "$elm$": null,
      "$flags$": 0,
      "$key$": null,
      "$name$": null,
      "$tag$": "div",
      "$text$": null,
    },
    {
      "$attrs$": {},
      "$children$": [
        {
          "$attrs$": null,
          "$children$": null,
          "$elm$": null,
          "$flags$": 0,
          "$key$": null,
          "$name$": null,
          "$tag$": null,
          "$text$": "Block: "e"",
        },
      ],
      "$elm$": null,
      "$flags$": 0,
      "$key$": null,
      "$name$": null,
      "$tag$": "div",
      "$text$": null,
    },
  ],
  "draft": true,
  "id": "full-metadata",
  "meta": {},
  "mode": undefined,
  "pages": {},
  "published": "2024-12-01T10:00:00Z",
  "subtitle": {
    "$attrs$": {},
    "$children$": [
      {
        "$attrs$": null,
        "$children$": null,
        "$elm$": null,
        "$flags$": 0,
        "$key$": null,
        "$name$": null,
        "$tag$": null,
        "$text$": "A comprehensive example",
      },
    ],
    "$elm$": null,
    "$flags$": 0,
    "$key$": null,
    "$name$": null,
    "$tag$": "p",
    "$text$": null,
  },
  "tags": [
    "comprehensive",
    "example",
    "metadata",
  ],
  "title": "Full Metadata Page",
  "type": "blog",
  "weight": 100,
}
`;

exports[`binotype.Parser > Parser.parse > complex page scenarios > should handle { description: 'page with nested blocks and imports', document: { variables: { id: 'complex-page', title: 'Complex Page', draft: false, published: '2024-01-01T08:00:00Z' }, content: [ { type: 'block.chapter', id: 'intro', content: 'Introduction' }, { type: 'block.import', id: 'external', content: 'External content' } ] } } 1`] = `
{
  "author": undefined,
  "blocks": {},
  "changed": undefined,
  "class": undefined,
  "content": [
    {
      "$attrs$": {},
      "$children$": [
        {
          "$attrs$": null,
          "$children$": null,
          "$elm$": null,
          "$flags$": 0,
          "$key$": null,
          "$name$": null,
          "$tag$": null,
          "$text$": "Block: {"type":"block.chapter","id":"intro","content":"Introduction"}",
        },
      ],
      "$elm$": null,
      "$flags$": 0,
      "$key$": null,
      "$name$": null,
      "$tag$": "div",
      "$text$": null,
    },
    {
      "$attrs$": {},
      "$children$": [
        {
          "$attrs$": null,
          "$children$": null,
          "$elm$": null,
          "$flags$": 0,
          "$key$": null,
          "$name$": null,
          "$tag$": null,
          "$text$": "Block: {"type":"block.import","id":"external","content":"External content"}",
        },
      ],
      "$elm$": null,
      "$flags$": 0,
      "$key$": null,
      "$name$": null,
      "$tag$": "div",
      "$text$": null,
    },
  ],
  "draft": undefined,
  "id": "complex-page",
  "meta": {},
  "mode": undefined,
  "pages": {},
  "published": "2024-01-01T08:00:00Z",
  "subtitle": null,
  "tags": undefined,
  "title": "Complex Page",
  "type": undefined,
  "weight": undefined,
}
`;
